[codresearch.dev/index.php/Main_Page.html]
[backblue.gif]
[fade.gif]
[index.html]
[codresearch.dev/load9973.css]
[codresearch.dev/favicon.ico]
[codresearch.dev/opensearch_desc.php]
[codresearch.dev/api-result251f.xml]
[codresearch.dev/index.php/Special_RecentChanges]
[codresearch.dev/index.php/DopplerPreset_Asset.html]
[codresearch.dev/index.php/Special_Search.html]
[codresearch.dev/index.php/Special_WhatLinksHere/Main_Page]
[codresearch.dev/index.php/Special_RecentChangesLinked/Main_Page]
[codresearch.dev/index.php/Special_SpecialPages.html]
[codresearch.dev/index.php/Category_Utilities.html]
[codresearch.dev/index.php/Category_FastFiles.html]
[codresearch.dev/index.php/Category_PAK_Files.html]
[codresearch.dev/index.php/Category_Assets.html]
[codresearch.dev/index.php/Category_Save_Data.html]
[codresearch.dev/index.php/Category_CoD4.html]
[codresearch.dev/index.php/Category_MW2.html]
[codresearch.dev/index.php/Category_MW3.html]
[codresearch.dev/index.php/Category_Ghosts.html]
[codresearch.dev/index.php/COD_Engine_Research_Privacy_policy]
[codresearch.dev/index.php/COD_Engine_Research_About]
[codresearch.dev/index.php/COD_Engine_Research_General_disclaimer]
[codresearch.dev/resources/assets/poweredby_mediawiki_88x31.png]
[codresearch.dev/index.php/Main_Page.html]
[codresearch.dev/load9973.css]
[codresearch.dev/index.php/Special_RecentChanges.html]
[codresearch.dev/cdn-cgi/challenge-platform/h/b/scripts/jsd/e0c90b6a3ed1/maind41d.js]
[codresearch.dev/load1bb6.css]
[codresearch.dev/index.php/Special_WhatLinksHere/DopplerPreset_Asset.html]
[codresearch.dev/index.php/Special_RecentChangesLinked/DopplerPreset_Asset]
[codresearch.dev/index.php/DopplerPreset_Asset.html]
[codresearch.dev/index.php/Special_Categories.html]
[codresearch.dev/index.php/Special_Search.html]
[codresearch.dev/index.php/Special_WhatLinksHere/Main_Page.html]
[codresearch.dev/index.php/Special_RecentChangesLinked/Main_Page.html]
[codresearch.dev/load159f.css]
[codresearch.dev/index.php/Special_SpecialPages.html]
[codresearch.dev/load0df9.css]
[codresearch.dev/load2bb0.css]
[codresearch.dev/index.php/Special_WhatLinksHere/Category_Utilities.html]
[codresearch.dev/index.php/Special_RecentChangesLinked/Category_Utilities]
[codresearch.dev/index.php/Category_Utilities.html]
[codresearch.dev/index.php/Vectors.html]
[codresearch.dev/load1eaa.css]
[codresearch.dev/index.php/Special_WhatLinksHere/Category_FastFiles.html]
[codresearch.dev/index.php/Special_RecentChangesLinked/Category_FastFiles]
[codresearch.dev/index.php/FastFiles_and_Zone_files_(AW).html]
[codresearch.dev/index.php/FastFiles_and_Zone_files_(BO1).html]
[codresearch.dev/index.php/FastFiles_and_Zone_files_(BO2).html]
[codresearch.dev/index.php/Category_FastFiles.html]
[codresearch.dev/index.php/FastFiles_and_Zone_files_(MW2).html]
[codresearch.dev/index.php/Special_WhatLinksHere/Category_PAK_Files.html]
[codresearch.dev/index.php/Special_RecentChangesLinked/Category_PAK_Files]
[codresearch.dev/index.php/IPAK_Files.html]
[codresearch.dev/index.php/Modern_Warfare_PAK_Files.html]
[codresearch.dev/index.php/Category_PAK_Files.html]
[codresearch.dev/index.php/SABS_&_SABL_Files.html]
[codresearch.dev/load632e.css]
[codresearch.dev/index.php/Special_WhatLinksHere/Category_Assets.html]
[codresearch.dev/index.php/Special_RecentChangesLinked/Category_Assets]
[codresearch.dev/index.php/PhysPreset_Asset.html]
[codresearch.dev/index.php/XAnim_Asset.html]
[codresearch.dev/index.php/XModel_Asset_(CoD4).html]
[codresearch.dev/index.php/Material_Asset.html]
[codresearch.dev/index.php/Pixel_Shader_Asset.html]
[codresearch.dev/index.php/Vertex_Shader_Asset.html]
[codresearch.dev/index.php/Technique_Set_Asset.html]
[codresearch.dev/index.php/Image_Asset.html]
[codresearch.dev/index.php/Sound_Asset.html]
[codresearch.dev/index.php/Sound_Curve_Asset.html]
[codresearch.dev/index.php/Loaded_Sound_Asset.html]
[codresearch.dev/index.php/Collision_Map_Asset_(CoD4).html]
[codresearch.dev/index.php/COM_Map_Asset.html]
[codresearch.dev/index.php/Game_Map_Asset.html]
[codresearch.dev/index.php/MapEnts_Asset.html]
[codresearch.dev/index.php/Graphics_Map_Asset_(CoD4).html]
[codresearch.dev/index.php/Lightdef_Asset.html]
[codresearch.dev/index.php/Font_Asset.html]
[codresearch.dev/index.php/MenuFile_Asset.html]
[codresearch.dev/index.php/Menu_Asset_(CoD4).html]
[codresearch.dev/index.php/Localize_Asset.html]
[codresearch.dev/index.php/Weapon_Asset_(CoD4).html]
[codresearch.dev/index.php/Sound_Driver_Globals_Asset.html]
[codresearch.dev/index.php/FX_Asset_(CoD4).html]
[codresearch.dev/index.php/ImpactFX_Asset.html]
[codresearch.dev/index.php/Rawfile_Asset.html]
[codresearch.dev/index.php/StringTable_Asset.html]
[codresearch.dev/index.php/PhysConstraints_Asset.html]
[codresearch.dev/index.php/DestructibleDef_Asset.html]
[codresearch.dev/index.php/Collision_Map_Asset_(WaW).html]
[codresearch.dev/index.php/Graphics_Map_Asset_(WaW).html]
[codresearch.dev/index.php/Menu_Asset_(WaW).html]
[codresearch.dev/index.php/Weapon_Asset_(WaW).html]
[codresearch.dev/index.php/FX_Asset_(WaW).html]
[codresearch.dev/index.php/PackIndex_Asset.html]
[codresearch.dev/index.php/Physical_Collision_Map_Asset.html]
[codresearch.dev/index.php/XModel_Surface_Asset.html]
[codresearch.dev/index.php/Collision_Map_Asset_(MW2).html]
[codresearch.dev/index.php/FX_Map_Asset.html]
[codresearch.dev/index.php/Graphics_Map_Asset_(MW2).html]
[codresearch.dev/index.php/Menu_Asset_(MW2).html]
[codresearch.dev/index.php/Weapon_Asset_(MW2).html]
[codresearch.dev/index.php/FX_Asset_(MW2).html]
[codresearch.dev/index.php/LeaderboardDef_Asset.html]
[codresearch.dev/index.php/StructuredDataDef_Asset.html]
[codresearch.dev/index.php/Tracer_Asset.html]
[codresearch.dev/index.php/Vehicle_Asset_(MW2).html]
[codresearch.dev/index.php/AddonMapEnts_Asset.html]
[codresearch.dev/index.php/Collision_Map_Asset_(BO1).html]
[codresearch.dev/index.php/Graphics_Map_Asset_(BO1).html]
[codresearch.dev/index.php/Menu_Asset_(BO1).html]
[codresearch.dev/index.php/Weapon_Asset_(BO1).html]
[codresearch.dev/index.php/FX_Asset_(BO1).html]
[codresearch.dev/index.php/XGlobals_Asset.html]
[codresearch.dev/index.php/DDL_Asset.html]
[codresearch.dev/index.php/Glasses_Asset.html]
[codresearch.dev/index.php/TextureSet_Asset.html]
[codresearch.dev/index.php/Emblem_Set_Asset.html]
[codresearch.dev/index.php/Collision_Map_Asset_(MW3).html]
[codresearch.dev/index.php/Glass_Map_Asset.html]
[codresearch.dev/index.php/AIPaths_Asset.html]
[codresearch.dev/index.php/Vehicle_Track_Asset.html]
[codresearch.dev/index.php/Graphics_Map_Asset_(MW3).html]
[codresearch.dev/index.php/Menu_Asset_(MW3).html]
[codresearch.dev/index.php/Attachment_Asset_(MW3).html]
[codresearch.dev/index.php/Weapon_Asset_(MW3).html]
[codresearch.dev/index.php/SurfaceFX_Asset.html]
[codresearch.dev/index.php/ScriptFile_Asset.html]
[codresearch.dev/index.php/Vehicle_Asset_(MW3).html]
[codresearch.dev/index.php/XModel_Asset_(BO2).html]
[codresearch.dev/index.php/Collision_Map_Asset_(BO2).html]
[codresearch.dev/index.php/Graphics_Map_Asset_(BO2).html]
[codresearch.dev/index.php/FontIcon_Asset.html]
[codresearch.dev/index.php/Menu_Asset_(BO2).html]
[codresearch.dev/index.php/Weapon_Asset_(BO2).html]
[codresearch.dev/index.php/Attachment_Asset_(BO2).html]
[codresearch.dev/index.php/AttachmentUnique_Asset.html]
[codresearch.dev/index.php/WeaponCamo_Asset.html]
[codresearch.dev/index.php/FX_Asset_(BO2).html]
[codresearch.dev/index.php/ScriptParseTree_Asset.html]
[codresearch.dev/index.php/Key-Value_Pair_Asset.html]
[codresearch.dev/index.php/Vehicle_Asset_(BO2).html]
[codresearch.dev/index.php/MemoryBlock_Asset.html]
[codresearch.dev/index.php/SkinnedVerts_Asset.html]
[codresearch.dev/index.php/QDB_Asset.html]
[codresearch.dev/index.php/Slug_Asset.html]
[codresearch.dev/index.php/FootstepTable_Asset.html]
[codresearch.dev/index.php/FootstepFxTable_Asset.html]
[codresearch.dev/index.php/ZBarrier_Asset.html]
[codresearch.dev/index.php/LPF_Curve_Asset.html]
[codresearch.dev/index.php/Reverb_Send_Curve_Asset.html]
[codresearch.dev/index.php/Collision_Map_Asset_(Ghosts).html]
[codresearch.dev/index.php/Graphics_Map_Asset_(Ghosts).html]
[codresearch.dev/index.php/AnimClass_Asset.html]
[codresearch.dev/index.php/Attachment_Asset_(Ghosts).html]
[codresearch.dev/index.php/Weapon_Asset_(Ghosts).html]
[codresearch.dev/index.php/Vehicle_Asset_(Ghosts).html]
[codresearch.dev/index.php/NetConstStrings_Asset.html]
[codresearch.dev/index.php/ReverbPreset_Asset.html]
[codresearch.dev/index.php/Scriptable_Asset.html]
[codresearch.dev/index.php/EquipSndTable_Asset.html]
[codresearch.dev/index.php/Attachment_Asset_(AW).html]
[codresearch.dev/index.php/Laser_Asset.html]
[codresearch.dev/index.php/Collision_Map_Asset_(BO3).html]
[codresearch.dev/index.php/Lua_Files.html]
[codresearch.dev/index.php/Sound_Patch_Asset.html]
[codresearch.dev/index.php/Vehicle_Asset_(AW).html]
[codresearch.dev/index.php/Category_Assets.html]
[codresearch.dev/index.php/Weapon_Asset_(AW).html]
[codresearch.dev/index.php/Special_WhatLinksHere/Category_Save_Data.html]
[codresearch.dev/index.php/Special_RecentChangesLinked/Category_Save_Data]
[codresearch.dev/index.php/Category_Save_Data.html]
[codresearch.dev/index.php/Special_WhatLinksHere/Category_CoD4.html]
[codresearch.dev/index.php/Special_RecentChangesLinked/Category_CoD4]
[codresearch.dev/index.php/Category_CoD4.html]
[codresearch.dev/index.php/Hud_Elements.html]
[codresearch.dev/index.php/Special_WhatLinksHere/Category_MW2.html]
[codresearch.dev/index.php/Special_RecentChangesLinked/Category_MW2]
[codresearch.dev/index.php/DVARs_(MW2).html]
[codresearch.dev/index.php/Game_Entity_(MW2).html]
[codresearch.dev/index.php/Level_Locals_(MW2).html]
[codresearch.dev/index.php/Category_MW2.html]
[codresearch.dev/index.php/Server_Commands.html]
[codresearch.dev/index.php/Special_WhatLinksHere/Category_MW3.html]
[codresearch.dev/index.php/Special_RecentChangesLinked/Category_MW3]
[codresearch.dev/index.php/Category_MW3.html]
[codresearch.dev/index.php/Special_WhatLinksHere/Category_Ghosts.html]
[codresearch.dev/index.php/Special_RecentChangesLinked/Category_Ghosts]
[codresearch.dev/index.php/Category_Ghosts.html]
[codresearch.dev/index.php/COD_Engine_Research_Privacy_policy.html]
[codresearch.dev/index.php/COD_Engine_Research_About.html]
[codresearch.dev/index.php/COD_Engine_Research_General_disclaimer.html]
[codresearch.dev/load1bb6.css]
[codresearch.dev/index.php/DVARs_(Ghosts).html]
[codresearch.dev/index.php/Special_WhatLinksHere/DopplerPreset_Asset.html]
[codresearch.dev/index.php/Special_RecentChangesLinked/DopplerPreset_Asset.html]
[codresearch.dev/loadbb0f.css]
[codresearch.dev/index.php/Special_Categories.html]
[codresearch.dev/load159f.css]
[codresearch.dev/load0df9.css]
[codresearch.dev/load14df.css]
[codresearch.dev/resources/src/mediawiki.helplink/images/helpNotice9c2c.svg]
[codresearch.dev/load54c7.svg]
[codresearch.dev/load6bf5.svg]
[codresearch.dev/load8950.svg]
[codresearch.dev/load5009.svg]
[codresearch.dev/load7796.svg]
[codresearch.dev/load92aa.svg]
[codresearch.dev/loadebcd.svg]
[codresearch.dev/load1daa.svg]
[codresearch.dev/loadf3fc.svg]
[codresearch.dev/load428f.svg]
[codresearch.dev/load617b.svg]
[codresearch.dev/load3291.svg]
[codresearch.dev/load6d08.svg]
[codresearch.dev/load4424.svg]
[codresearch.dev/loadce8b.svg]
[codresearch.dev/load98c0.svg]
[codresearch.dev/loada132.svg]
[codresearch.dev/load22f6.svg]
[codresearch.dev/loadd3a4.svg]
[codresearch.dev/load493f.svg]
[codresearch.dev/load032c.svg]
[codresearch.dev/load8088.svg]
[codresearch.dev/loadddfc.svg]
[codresearch.dev/load9ed0.svg]
[codresearch.dev/load5b40.svg]
[codresearch.dev/load7fac.svg]
[codresearch.dev/load2f00.svg]
[codresearch.dev/loada819.svg]
[codresearch.dev/load4345.svg]
[codresearch.dev/loadde27.svg]
[codresearch.dev/load7cb2.svg]
[codresearch.dev/load5366.svg]
[codresearch.dev/load03f4.svg]
[codresearch.dev/load80f3.svg]
[codresearch.dev/loadcbea.svg]
[codresearch.dev/load73d6.svg]
[codresearch.dev/loadf176.svg]
[codresearch.dev/loadf693.svg]
[codresearch.dev/load9c5b.svg]
[codresearch.dev/loadb695.svg]
[codresearch.dev/loadf7eb.svg]
[codresearch.dev/load112f.svg]
[codresearch.dev/loadded6.svg]
[codresearch.dev/loada123.svg]
[codresearch.dev/load336f.svg]
[codresearch.dev/load0525.svg]
[codresearch.dev/load0215.svg]
[codresearch.dev/loadf058.svg]
[codresearch.dev/load6791.svg]
[codresearch.dev/loadd939.svg]
[codresearch.dev/loadb0ad.svg]
[codresearch.dev/load669c.svg]
[codresearch.dev/resources/src/mediawiki.skinning/images/magnify-clip-ltr0803.svg]
[codresearch.dev/resources/src/mediawiki.skinning/images/magnify-clip-rtld70b.svg]
[codresearch.dev/skins/Vector/resources/skins.vector.styles/images/bullet-icona4ae.svg]
[codresearch.dev/skins/Vector/resources/skins.vector.styles/images/link-external-small-ltr-progressiveb36b.svg]
[codresearch.dev/skins/Vector/resources/skins.vector.styles/images/arrow-down5501.svg]
[codresearch.dev/skins/Vector/resources/skins.vector.styles/images/arrow-down-progressive10ee.svg]
[codresearch.dev/load2bb0.css]
[codresearch.dev/index.php/Special_WhatLinksHere/Category_Utilities.html]
[codresearch.dev/index.php/Special_RecentChangesLinked/Category_Utilities.html]
[codresearch.dev/skins/Vector/resources/skins.vector.styles/images/arrow-down-invert14b8.svg]
[codresearch.dev/index.php/Special_WhatLinksHere/Vectors.html]
[codresearch.dev/index.php/Special_RecentChangesLinked/Vectors]
[codresearch.dev/index.php/Vectors.html]
[codresearch.dev/load1eaa.css]
[codresearch.dev/index.php/Special_WhatLinksHere/Category_FastFiles.html]
[codresearch.dev/index.php/Special_RecentChangesLinked/Category_FastFiles.html]
[codresearch.dev/index.php/Special_WhatLinksHere/FastFiles_and_Zone_files_(AW)]
[codresearch.dev/index.php/Special_RecentChangesLinked/FastFiles_and_Zone_files_(AW)]
[codresearch.dev/index.php/FastFiles_and_Zone_files_(AW).html]
[codresearch.dev/index.php/Special_WhatLinksHere/FastFiles_and_Zone_files_(BO1)]
[codresearch.dev/index.php/Special_RecentChangesLinked/FastFiles_and_Zone_files_(BO1)]
[codresearch.dev/index.php/FastFiles_and_Zone_files_(BO1).html]
[codresearch.dev/index.php/Special_WhatLinksHere/FastFiles_and_Zone_files_(BO2)]
[codresearch.dev/index.php/Special_RecentChangesLinked/FastFiles_and_Zone_files_(BO2)]
[codresearch.dev/index.php/FastFiles_and_Zone_files_(BO2).html]
[codresearch.dev/index.php/Special_WhatLinksHere/FastFiles_and_Zone_files_(MW2)]
[codresearch.dev/index.php/Special_RecentChangesLinked/FastFiles_and_Zone_files_(MW2)]
[codresearch.dev/index.php/FastFiles_and_Zone_files_(MW2).html]
[codresearch.dev/index.php/Special_WhatLinksHere/Category_PAK_Files.html]
[codresearch.dev/index.php/Special_RecentChangesLinked/Category_PAK_Files.html]
[codresearch.dev/index.php/Special_WhatLinksHere/IPAK_Files]
[codresearch.dev/index.php/Special_RecentChangesLinked/IPAK_Files]
[codresearch.dev/index.php/IPAK_Files.html]
[codresearch.dev/index.php/Special_WhatLinksHere/Modern_Warfare_PAK_Files.html]
[codresearch.dev/index.php/Special_RecentChangesLinked/Modern_Warfare_PAK_Files]
[codresearch.dev/index.php/Modern_Warfare_PAK_Files.html]
[codresearch.dev/index.php/Special_WhatLinksHere/SABS_&_SABL_Files]
[codresearch.dev/index.php/Special_RecentChangesLinked/SABS_&_SABL_Files]
[codresearch.dev/index.php/SABS_&_SABL_Files.html]
[codresearch.dev/load632e.css]
[codresearch.dev/index.php/Special_WhatLinksHere/Category_Assets.html]
[codresearch.dev/index.php/Special_RecentChangesLinked/Category_Assets.html]
[codresearch.dev/index.php/Special_WhatLinksHere/PhysPreset_Asset.html]
[codresearch.dev/index.php/Special_RecentChangesLinked/PhysPreset_Asset]
[codresearch.dev/index.php/PhysPreset_Asset.html]
[codresearch.dev/index.php/Special_WhatLinksHere/XAnim_Asset.html]
[codresearch.dev/index.php/Special_RecentChangesLinked/XAnim_Asset]
[codresearch.dev/index.php/XAnim_Asset.html]
[codresearch.dev/index.php/Special_WhatLinksHere/XModel_Asset_(CoD4).html]
[codresearch.dev/index.php/Special_RecentChangesLinked/XModel_Asset_(CoD4)]
[codresearch.dev/index.php/XModel_Asset_(CoD4).html]
[codresearch.dev/index.php/Special_WhatLinksHere/Material_Asset.html]
[codresearch.dev/index.php/Special_RecentChangesLinked/Material_Asset]
[codresearch.dev/index.php/Material_Asset.html]
[codresearch.dev/index.php/Special_WhatLinksHere/Pixel_Shader_Asset.html]
[codresearch.dev/index.php/Special_RecentChangesLinked/Pixel_Shader_Asset]
[codresearch.dev/index.php/Pixel_Shader_Asset.html]
[codresearch.dev/index.php/Special_WhatLinksHere/Vertex_Shader_Asset.html]
[codresearch.dev/index.php/Special_RecentChangesLinked/Vertex_Shader_Asset]
[codresearch.dev/index.php/Vertex_Shader_Asset.html]
[codresearch.dev/index.php/Special_WhatLinksHere/Technique_Set_Asset.html]
[codresearch.dev/index.php/Special_RecentChangesLinked/Technique_Set_Asset]
[codresearch.dev/index.php/Technique_Set_Asset.html]
[codresearch.dev/index.php/Special_WhatLinksHere/Image_Asset.html]
[codresearch.dev/index.php/Special_RecentChangesLinked/Image_Asset]
[codresearch.dev/index.php/Image_Asset.html]
[codresearch.dev/index.php/Special_WhatLinksHere/Sound_Asset.html]
[codresearch.dev/index.php/Special_RecentChangesLinked/Sound_Asset]
[codresearch.dev/index.php/Sound_Asset.html]
[codresearch.dev/index.php/Special_WhatLinksHere/Sound_Curve_Asset.html]
[codresearch.dev/index.php/Special_RecentChangesLinked/Sound_Curve_Asset]
[codresearch.dev/index.php/Sound_Curve_Asset.html]
[codresearch.dev/index.php/Special_WhatLinksHere/Loaded_Sound_Asset.html]
[codresearch.dev/index.php/Special_RecentChangesLinked/Loaded_Sound_Asset]
[codresearch.dev/index.php/Loaded_Sound_Asset.html]
[codresearch.dev/index.php/Special_WhatLinksHere/Collision_Map_Asset_(CoD4).html]
[codresearch.dev/index.php/Special_RecentChangesLinked/Collision_Map_Asset_(CoD4)]
[codresearch.dev/index.php/Collision_Map_Asset_(CoD4).html]
[codresearch.dev/index.php/Special_WhatLinksHere/COM_Map_Asset.html]
[codresearch.dev/index.php/Special_RecentChangesLinked/COM_Map_Asset]
[codresearch.dev/index.php/COM_Map_Asset.html]
[codresearch.dev/index.php/Special_WhatLinksHere/Game_Map_Asset.html]
[codresearch.dev/index.php/Special_RecentChangesLinked/Game_Map_Asset]
[codresearch.dev/index.php/Game_Map_Asset.html]
[codresearch.dev/index.php/Special_WhatLinksHere/MapEnts_Asset.html]
[codresearch.dev/index.php/Special_RecentChangesLinked/MapEnts_Asset]
[codresearch.dev/index.php/MapEnts_Asset.html]
[codresearch.dev/index.php/Special_WhatLinksHere/Graphics_Map_Asset_(CoD4).html]
[codresearch.dev/index.php/Special_RecentChangesLinked/Graphics_Map_Asset_(CoD4)]
[codresearch.dev/index.php/Graphics_Map_Asset_(CoD4).html]
[codresearch.dev/index.php/Special_WhatLinksHere/Lightdef_Asset.html]
[codresearch.dev/index.php/Special_RecentChangesLinked/Lightdef_Asset]
[codresearch.dev/index.php/Lightdef_Asset.html]
[codresearch.dev/index.php/Special_WhatLinksHere/Font_Asset.html]
[codresearch.dev/index.php/Special_RecentChangesLinked/Font_Asset]
[codresearch.dev/index.php/File_Gamefonts_ps3.html]
[codresearch.dev/images/thumb/a/a5/Gamefonts_ps3.png/90px-Gamefonts_ps3.png]
[codresearch.dev/index.php/Font_Asset.html]
[codresearch.dev/index.php/Special_WhatLinksHere/MenuFile_Asset.html]
[codresearch.dev/index.php/Special_RecentChangesLinked/MenuFile_Asset]
[codresearch.dev/index.php/MenuFile_Asset.html]
[codresearch.dev/index.php/Special_WhatLinksHere/Menu_Asset_(CoD4).html]
[codresearch.dev/index.php/Special_RecentChangesLinked/Menu_Asset_(CoD4)]
[codresearch.dev/index.php/Menu_Asset_(CoD4).html]
[codresearch.dev/index.php/Special_WhatLinksHere/Localize_Asset.html]
[codresearch.dev/index.php/Special_RecentChangesLinked/Localize_Asset]
[codresearch.dev/index.php/Localize_Asset.html]
[codresearch.dev/index.php/Special_WhatLinksHere/Weapon_Asset_(CoD4).html]
[codresearch.dev/index.php/Special_RecentChangesLinked/Weapon_Asset_(CoD4)]
[codresearch.dev/index.php/Weapon_Asset_(CoD4).html]
[codresearch.dev/index.php/Special_WhatLinksHere/Sound_Driver_Globals_Asset.html]
[codresearch.dev/index.php/Special_RecentChangesLinked/Sound_Driver_Globals_Asset]
[codresearch.dev/index.php/Sound_Driver_Globals_Asset.html]
[codresearch.dev/index.php/Special_WhatLinksHere/FX_Asset_(CoD4).html]
[codresearch.dev/index.php/Special_RecentChangesLinked/FX_Asset_(CoD4)]
[codresearch.dev/index.php/FX_Asset_(CoD4).html]
[codresearch.dev/index.php/Special_WhatLinksHere/ImpactFX_Asset.html]
[codresearch.dev/index.php/Special_RecentChangesLinked/ImpactFX_Asset]
[codresearch.dev/index.php/ImpactFX_Asset.html]
[codresearch.dev/index.php/Special_WhatLinksHere/Rawfile_Asset.html]
[codresearch.dev/index.php/Special_RecentChangesLinked/Rawfile_Asset]
[codresearch.dev/index.php/Rawfile_Asset.html]
[codresearch.dev/index.php/Special_WhatLinksHere/StringTable_Asset.html]
[codresearch.dev/index.php/Special_RecentChangesLinked/StringTable_Asset]
[codresearch.dev/index.php/StringTable_Asset.html]
[codresearch.dev/index.php/Special_WhatLinksHere/PhysConstraints_Asset.html]
[codresearch.dev/index.php/Special_RecentChangesLinked/PhysConstraints_Asset]
[codresearch.dev/index.php/PhysConstraints_Asset.html]
[codresearch.dev/index.php/Special_WhatLinksHere/DestructibleDef_Asset.html]
[codresearch.dev/index.php/Special_RecentChangesLinked/DestructibleDef_Asset]
[codresearch.dev/index.php/DestructibleDef_Asset.html]
[codresearch.dev/index.php/Special_WhatLinksHere/Collision_Map_Asset_(WaW).html]
[codresearch.dev/index.php/Special_RecentChangesLinked/Collision_Map_Asset_(WaW)]
[codresearch.dev/index.php/Collision_Map_Asset_(WaW).html]
[codresearch.dev/index.php/Special_WhatLinksHere/Graphics_Map_Asset_(WaW).html]
[codresearch.dev/index.php/Special_RecentChangesLinked/Graphics_Map_Asset_(WaW)]
[codresearch.dev/index.php/Graphics_Map_Asset_(WaW).html]
[codresearch.dev/index.php/Special_WhatLinksHere/Menu_Asset_(WaW).html]
[codresearch.dev/index.php/Special_RecentChangesLinked/Menu_Asset_(WaW)]
[codresearch.dev/index.php/Menu_Asset_(WaW).html]
[codresearch.dev/index.php/Special_WhatLinksHere/Weapon_Asset_(WaW).html]
[codresearch.dev/index.php/Special_RecentChangesLinked/Weapon_Asset_(WaW)]
[codresearch.dev/index.php/Weapon_Asset_(WaW).html]
[codresearch.dev/index.php/Special_WhatLinksHere/FX_Asset_(WaW).html]
[codresearch.dev/index.php/Special_RecentChangesLinked/FX_Asset_(WaW)]
[codresearch.dev/index.php/FX_Asset_(WaW).html]
[codresearch.dev/index.php/Special_WhatLinksHere/PackIndex_Asset.html]
[codresearch.dev/index.php/Special_RecentChangesLinked/PackIndex_Asset]
[codresearch.dev/index.php/PackIndex_Asset.html]
[codresearch.dev/index.php/Special_WhatLinksHere/Physical_Collision_Map_Asset.html]
[codresearch.dev/index.php/Special_RecentChangesLinked/Physical_Collision_Map_Asset]
[codresearch.dev/index.php/Physical_Collision_Map_Asset.html]
[codresearch.dev/index.php/Special_WhatLinksHere/XModel_Surface_Asset.html]
[codresearch.dev/index.php/Special_RecentChangesLinked/XModel_Surface_Asset]
[codresearch.dev/index.php/XModel_Surface_Asset.html]
[codresearch.dev/index.php/Special_WhatLinksHere/Collision_Map_Asset_(MW2).html]
[codresearch.dev/index.php/Special_RecentChangesLinked/Collision_Map_Asset_(MW2)]
[codresearch.dev/index.php/Collision_Map_Asset_(MW2).html]
[codresearch.dev/index.php/Special_WhatLinksHere/FX_Map_Asset.html]
[codresearch.dev/index.php/Special_RecentChangesLinked/FX_Map_Asset]
[codresearch.dev/index.php/FX_Map_Asset.html]
[codresearch.dev/index.php/Special_WhatLinksHere/Graphics_Map_Asset_(MW2).html]
[codresearch.dev/index.php/Special_RecentChangesLinked/Graphics_Map_Asset_(MW2)]
[codresearch.dev/index.php/Graphics_Map_Asset_(MW2).html]
[codresearch.dev/index.php/Special_WhatLinksHere/Menu_Asset_(MW2).html]
[codresearch.dev/index.php/Special_RecentChangesLinked/Menu_Asset_(MW2)]
[codresearch.dev/index.php/Menu_Asset_(MW2).html]
[codresearch.dev/index.php/Special_WhatLinksHere/Weapon_Asset_(MW2).html]
[codresearch.dev/index.php/Special_RecentChangesLinked/Weapon_Asset_(MW2)]
[codresearch.dev/index.php/Weapon_Asset_(MW2).html]
[codresearch.dev/index.php/Special_WhatLinksHere/FX_Asset_(MW2).html]
[codresearch.dev/index.php/Special_RecentChangesLinked/FX_Asset_(MW2)]
[codresearch.dev/index.php/FX_Asset_(MW2).html]
[codresearch.dev/index.php/Special_WhatLinksHere/LeaderboardDef_Asset.html]
[codresearch.dev/index.php/Special_RecentChangesLinked/LeaderboardDef_Asset]
[codresearch.dev/index.php/LeaderboardDef_Asset.html]
[codresearch.dev/index.php/Special_WhatLinksHere/StructuredDataDef_Asset.html]
[codresearch.dev/index.php/Special_RecentChangesLinked/StructuredDataDef_Asset]
[codresearch.dev/index.php/StructuredDataDef_Asset.html]
[codresearch.dev/index.php/Special_WhatLinksHere/Tracer_Asset.html]
[codresearch.dev/index.php/Special_RecentChangesLinked/Tracer_Asset]
[codresearch.dev/index.php/Tracer_Asset.html]
[codresearch.dev/index.php/Special_WhatLinksHere/Vehicle_Asset_(MW2).html]
[codresearch.dev/index.php/Special_RecentChangesLinked/Vehicle_Asset_(MW2)]
[codresearch.dev/index.php/Vehicle_Asset_(MW2).html]
[codresearch.dev/index.php/Special_WhatLinksHere/AddonMapEnts_Asset.html]
[codresearch.dev/index.php/Special_RecentChangesLinked/AddonMapEnts_Asset]
[codresearch.dev/index.php/AddonMapEnts_Asset.html]
[codresearch.dev/index.php/Special_WhatLinksHere/Collision_Map_Asset_(BO1).html]
[codresearch.dev/index.php/Special_RecentChangesLinked/Collision_Map_Asset_(BO1)]
[codresearch.dev/index.php/Collision_Map_Asset_(BO1).html]
[codresearch.dev/index.php/Special_WhatLinksHere/Graphics_Map_Asset_(BO1).html]
[codresearch.dev/index.php/Special_RecentChangesLinked/Graphics_Map_Asset_(BO1)]
[codresearch.dev/index.php/Graphics_Map_Asset_(BO1).html]
[codresearch.dev/index.php/Special_WhatLinksHere/Menu_Asset_(BO1).html]
[codresearch.dev/index.php/Special_RecentChangesLinked/Menu_Asset_(BO1)]
[codresearch.dev/index.php/Menu_Asset_(BO1).html]
[codresearch.dev/index.php/Special_WhatLinksHere/Weapon_Asset_(BO1).html]
[codresearch.dev/index.php/Special_RecentChangesLinked/Weapon_Asset_(BO1)]
[codresearch.dev/index.php/Weapon_Asset_(BO1).html]
[codresearch.dev/index.php/Special_WhatLinksHere/FX_Asset_(BO1).html]
[codresearch.dev/index.php/Special_RecentChangesLinked/FX_Asset_(BO1)]
[codresearch.dev/index.php/FX_Asset_(BO1).html]
[codresearch.dev/index.php/Special_WhatLinksHere/XGlobals_Asset.html]
[codresearch.dev/index.php/Special_RecentChangesLinked/XGlobals_Asset]
[codresearch.dev/index.php/XGlobals_Asset.html]
[codresearch.dev/index.php/Special_WhatLinksHere/DDL_Asset.html]
[codresearch.dev/index.php/Special_RecentChangesLinked/DDL_Asset]
[codresearch.dev/index.php/DDL_Asset.html]
[codresearch.dev/index.php/Special_WhatLinksHere/Glasses_Asset.html]
[codresearch.dev/index.php/Special_RecentChangesLinked/Glasses_Asset]
[codresearch.dev/index.php/Glasses_Asset.html]
[codresearch.dev/index.php/Special_WhatLinksHere/TextureSet_Asset.html]
[codresearch.dev/index.php/Special_RecentChangesLinked/TextureSet_Asset]
[codresearch.dev/index.php/TextureSet_Asset.html]
[codresearch.dev/index.php/Special_WhatLinksHere/Emblem_Set_Asset.html]
[codresearch.dev/index.php/Special_RecentChangesLinked/Emblem_Set_Asset]
[codresearch.dev/index.php/Emblem_Set_Asset.html]
[codresearch.dev/index.php/Special_WhatLinksHere/Collision_Map_Asset_(MW3).html]
[codresearch.dev/index.php/Special_RecentChangesLinked/Collision_Map_Asset_(MW3)]
[codresearch.dev/index.php/Collision_Map_Asset_(MW3).html]
[codresearch.dev/index.php/Special_WhatLinksHere/Glass_Map_Asset.html]
[codresearch.dev/index.php/Special_RecentChangesLinked/Glass_Map_Asset]
[codresearch.dev/index.php/Glass_Map_Asset.html]
[codresearch.dev/index.php/Special_WhatLinksHere/AIPaths_Asset.html]
[codresearch.dev/index.php/Special_RecentChangesLinked/AIPaths_Asset]
[codresearch.dev/index.php/AIPaths_Asset.html]
[codresearch.dev/index.php/Special_WhatLinksHere/Vehicle_Track_Asset.html]
[codresearch.dev/index.php/Special_RecentChangesLinked/Vehicle_Track_Asset]
[codresearch.dev/index.php/Vehicle_Track_Asset.html]
[codresearch.dev/index.php/Special_WhatLinksHere/Graphics_Map_Asset_(MW3).html]
[codresearch.dev/index.php/Special_RecentChangesLinked/Graphics_Map_Asset_(MW3)]
[codresearch.dev/index.php/Graphics_Map_Asset_(MW3).html]
[codresearch.dev/index.php/Special_WhatLinksHere/Menu_Asset_(MW3).html]
[codresearch.dev/index.php/Special_RecentChangesLinked/Menu_Asset_(MW3)]
[codresearch.dev/index.php/Menu_Asset_(MW3).html]
[codresearch.dev/index.php/Special_WhatLinksHere/Attachment_Asset_(MW3).html]
[codresearch.dev/index.php/Special_RecentChangesLinked/Attachment_Asset_(MW3)]
[codresearch.dev/index.php/Attachment_Asset_(MW3).html]
[codresearch.dev/index.php/Special_WhatLinksHere/Weapon_Asset_(MW3).html]
[codresearch.dev/index.php/Special_RecentChangesLinked/Weapon_Asset_(MW3)]
[codresearch.dev/index.php/Weapon_Asset_(MW3).html]
[codresearch.dev/index.php/Special_WhatLinksHere/SurfaceFX_Asset.html]
[codresearch.dev/index.php/Special_RecentChangesLinked/SurfaceFX_Asset]
[codresearch.dev/index.php/SurfaceFX_Asset.html]
[codresearch.dev/loadc0f8.css]
[codresearch.dev/index.php/Special_WhatLinksHere/ScriptFile_Asset.html]
[codresearch.dev/index.php/Special_RecentChangesLinked/ScriptFile_Asset]
[codresearch.dev/index.php/ScriptFile_Asset.html]
[codresearch.dev/index.php/Special_WhatLinksHere/Vehicle_Asset_(MW3).html]
[codresearch.dev/index.php/Special_RecentChangesLinked/Vehicle_Asset_(MW3)]
[codresearch.dev/index.php/Vehicle_Asset_(MW3).html]
[codresearch.dev/index.php/Special_WhatLinksHere/XModel_Asset_(BO2).html]
[codresearch.dev/index.php/Special_RecentChangesLinked/XModel_Asset_(BO2)]
[codresearch.dev/index.php/XModel_Asset_(BO2).html]
[codresearch.dev/index.php/Special_WhatLinksHere/Collision_Map_Asset_(BO2).html]
[codresearch.dev/index.php/Special_RecentChangesLinked/Collision_Map_Asset_(BO2)]
[codresearch.dev/index.php/Collision_Map_Asset_(BO2).html]
[codresearch.dev/index.php/Special_WhatLinksHere/Graphics_Map_Asset_(BO2).html]
[codresearch.dev/index.php/Special_RecentChangesLinked/Graphics_Map_Asset_(BO2)]
[codresearch.dev/index.php/Graphics_Map_Asset_(BO2).html]
[codresearch.dev/index.php/Special_WhatLinksHere/FontIcon_Asset.html]
[codresearch.dev/index.php/Special_RecentChangesLinked/FontIcon_Asset]
[codresearch.dev/index.php/FontIcon_Asset.html]
[codresearch.dev/index.php/Special_WhatLinksHere/Menu_Asset_(BO2).html]
[codresearch.dev/index.php/Special_RecentChangesLinked/Menu_Asset_(BO2)]
[codresearch.dev/index.php/Menu_Asset_(BO2).html]
[codresearch.dev/index.php/Special_WhatLinksHere/Weapon_Asset_(BO2).html]
[codresearch.dev/index.php/Special_RecentChangesLinked/Weapon_Asset_(BO2)]
[codresearch.dev/index.php/Weapon_Asset_(BO2).html]
[codresearch.dev/index.php/Special_WhatLinksHere/Attachment_Asset_(BO2).html]
[codresearch.dev/index.php/Special_RecentChangesLinked/Attachment_Asset_(BO2)]
[codresearch.dev/index.php/Attachment_Asset_(BO2).html]
[codresearch.dev/index.php/Special_WhatLinksHere/AttachmentUnique_Asset.html]
[codresearch.dev/index.php/Special_RecentChangesLinked/AttachmentUnique_Asset]
[codresearch.dev/index.php/AttachmentUnique_Asset.html]
[codresearch.dev/index.php/Special_WhatLinksHere/WeaponCamo_Asset.html]
[codresearch.dev/index.php/Special_RecentChangesLinked/WeaponCamo_Asset]
[codresearch.dev/index.php/WeaponCamo_Asset.html]
[codresearch.dev/index.php/Special_WhatLinksHere/FX_Asset_(BO2).html]
[codresearch.dev/index.php/Special_RecentChangesLinked/FX_Asset_(BO2)]
[codresearch.dev/index.php/FX_Asset_(BO2).html]
[codresearch.dev/index.php/Special_WhatLinksHere/ScriptParseTree_Asset.html]
[codresearch.dev/index.php/Special_RecentChangesLinked/ScriptParseTree_Asset]
[codresearch.dev/index.php/ScriptParseTree_Asset.html]
[codresearch.dev/index.php/Special_WhatLinksHere/Key-Value_Pair_Asset.html]
[codresearch.dev/index.php/Special_RecentChangesLinked/Key-Value_Pair_Asset]
[codresearch.dev/index.php/Key-Value_Pair_Asset.html]
[codresearch.dev/index.php/Special_WhatLinksHere/Vehicle_Asset_(BO2).html]
[codresearch.dev/index.php/Special_RecentChangesLinked/Vehicle_Asset_(BO2)]
[codresearch.dev/index.php/Vehicle_Asset_(BO2).html]
[codresearch.dev/index.php/Special_WhatLinksHere/MemoryBlock_Asset.html]
[codresearch.dev/index.php/Special_RecentChangesLinked/MemoryBlock_Asset]
[codresearch.dev/index.php/MemoryBlock_Asset.html]
[codresearch.dev/index.php/Special_WhatLinksHere/SkinnedVerts_Asset.html]
[codresearch.dev/index.php/Special_RecentChangesLinked/SkinnedVerts_Asset]
[codresearch.dev/index.php/SkinnedVerts_Asset.html]
[codresearch.dev/index.php/Special_WhatLinksHere/QDB_Asset.html]
[codresearch.dev/index.php/Special_RecentChangesLinked/QDB_Asset]
[codresearch.dev/index.php/QDB_Asset.html]
[codresearch.dev/index.php/Special_WhatLinksHere/Slug_Asset.html]
[codresearch.dev/index.php/Special_RecentChangesLinked/Slug_Asset]
[codresearch.dev/index.php/Slug_Asset.html]
[codresearch.dev/index.php/Special_WhatLinksHere/FootstepTable_Asset.html]
[codresearch.dev/index.php/Special_RecentChangesLinked/FootstepTable_Asset]
[codresearch.dev/index.php/FootstepTable_Asset.html]
[codresearch.dev/index.php/Special_WhatLinksHere/FootstepFxTable_Asset.html]
[codresearch.dev/index.php/Special_RecentChangesLinked/FootstepFxTable_Asset]
[codresearch.dev/index.php/FootstepFxTable_Asset.html]
[codresearch.dev/index.php/Special_WhatLinksHere/ZBarrier_Asset.html]
[codresearch.dev/index.php/Special_RecentChangesLinked/ZBarrier_Asset]
[codresearch.dev/index.php/ZBarrier_Asset.html]
[codresearch.dev/index.php/Special_WhatLinksHere/LPF_Curve_Asset.html]
[codresearch.dev/index.php/Special_RecentChangesLinked/LPF_Curve_Asset]
[codresearch.dev/index.php/LPF_Curve_Asset.html]
[codresearch.dev/index.php/Special_WhatLinksHere/Reverb_Send_Curve_Asset.html]
[codresearch.dev/index.php/Special_RecentChangesLinked/Reverb_Send_Curve_Asset]
[codresearch.dev/index.php/Reverb_Send_Curve_Asset.html]
[codresearch.dev/index.php/Special_WhatLinksHere/Collision_Map_Asset_(Ghosts).html]
[codresearch.dev/index.php/Special_RecentChangesLinked/Collision_Map_Asset_(Ghosts)]
[codresearch.dev/index.php/Collision_Map_Asset_(Ghosts).html]
[codresearch.dev/index.php/Special_WhatLinksHere/Graphics_Map_Asset_(Ghosts).html]
[codresearch.dev/index.php/Special_RecentChangesLinked/Graphics_Map_Asset_(Ghosts)]
[codresearch.dev/index.php/Graphics_Map_Asset_(Ghosts).html]
[codresearch.dev/index.php/Special_WhatLinksHere/AnimClass_Asset.html]
[codresearch.dev/index.php/Special_RecentChangesLinked/AnimClass_Asset]
[codresearch.dev/index.php/AnimClass_Asset.html]
[codresearch.dev/index.php/Special_WhatLinksHere/Attachment_Asset_(Ghosts).html]
[codresearch.dev/index.php/Special_RecentChangesLinked/Attachment_Asset_(Ghosts)]
[codresearch.dev/index.php/Attachment_Asset_(Ghosts).html]
[codresearch.dev/index.php/Special_WhatLinksHere/Weapon_Asset_(Ghosts).html]
[codresearch.dev/index.php/Special_RecentChangesLinked/Weapon_Asset_(Ghosts)]
[codresearch.dev/index.php/Weapon_Asset_(Ghosts).html]
[codresearch.dev/index.php/Special_WhatLinksHere/Vehicle_Asset_(Ghosts).html]
[codresearch.dev/index.php/Special_RecentChangesLinked/Vehicle_Asset_(Ghosts)]
[codresearch.dev/index.php/Vehicle_Asset_(Ghosts).html]
[codresearch.dev/index.php/Special_WhatLinksHere/NetConstStrings_Asset.html]
[codresearch.dev/index.php/Special_RecentChangesLinked/NetConstStrings_Asset]
[codresearch.dev/index.php/NetConstStrings_Asset.html]
[codresearch.dev/index.php/Special_WhatLinksHere/ReverbPreset_Asset.html]
[codresearch.dev/index.php/Special_RecentChangesLinked/ReverbPreset_Asset]
[codresearch.dev/index.php/ReverbPreset_Asset.html]
[codresearch.dev/index.php/Special_WhatLinksHere/Scriptable_Asset.html]
[codresearch.dev/index.php/Special_RecentChangesLinked/Scriptable_Asset]
[codresearch.dev/index.php/Scriptable_Asset.html]
[codresearch.dev/index.php/Special_WhatLinksHere/EquipSndTable_Asset.html]
[codresearch.dev/index.php/Special_RecentChangesLinked/EquipSndTable_Asset]
[codresearch.dev/index.php/EquipSndTable_Asset.html]
[codresearch.dev/index.php/Special_WhatLinksHere/Attachment_Asset_(AW).html]
[codresearch.dev/index.php/Special_RecentChangesLinked/Attachment_Asset_(AW)]
[codresearch.dev/index.php/Attachment_Asset_(AW).html]
[codresearch.dev/index.php/Special_WhatLinksHere/Laser_Asset.html]
[codresearch.dev/index.php/Special_RecentChangesLinked/Laser_Asset]
[codresearch.dev/index.php/Laser_Asset.html]
[codresearch.dev/index.php/Special_WhatLinksHere/Collision_Map_Asset_(BO3).html]
[codresearch.dev/index.php/Special_RecentChangesLinked/Collision_Map_Asset_(BO3)]
[codresearch.dev/index.php/Collision_Map_Asset_(BO3).html]
[codresearch.dev/index.php/Special_WhatLinksHere/Lua_Files]
[codresearch.dev/index.php/Special_RecentChangesLinked/Lua_Files]
[codresearch.dev/index.php/Lua_Files.html]
[codresearch.dev/index.php/Special_WhatLinksHere/Sound_Patch_Asset]
[codresearch.dev/index.php/Special_RecentChangesLinked/Sound_Patch_Asset]
[codresearch.dev/index.php/Sound_Patch_Asset.html]
[codresearch.dev/index.php/Special_WhatLinksHere/Vehicle_Asset_(AW)]
[codresearch.dev/index.php/Special_RecentChangesLinked/Vehicle_Asset_(AW)]
[codresearch.dev/index.php/Vehicle_Asset_(AW).html]
[codresearch.dev/index.php/Special_WhatLinksHere/Weapon_Asset_(AW)]
[codresearch.dev/index.php/Special_RecentChangesLinked/Weapon_Asset_(AW)]
[codresearch.dev/index.php/Weapon_Asset_(AW).html]
[codresearch.dev/index.php/Special_WhatLinksHere/Category_Save_Data.html]
[codresearch.dev/index.php/Special_RecentChangesLinked/Category_Save_Data.html]
[codresearch.dev/index.php/Special_WhatLinksHere/Category_CoD4.html]
[codresearch.dev/index.php/Special_RecentChangesLinked/Category_CoD4.html]
[codresearch.dev/index.php/Special_WhatLinksHere/Hud_Elements]
[codresearch.dev/index.php/Special_RecentChangesLinked/Hud_Elements]
[codresearch.dev/index.php/Hud_Elements.html]
[codresearch.dev/index.php/Special_WhatLinksHere/Category_MW2.html]
[codresearch.dev/index.php/Special_RecentChangesLinked/Category_MW2.html]
[codresearch.dev/index.php/Special_WhatLinksHere/DVARs_(MW2)]
[codresearch.dev/index.php/Special_RecentChangesLinked/DVARs_(MW2)]
[codresearch.dev/index.php/DVARs_(MW2).html]
[codresearch.dev/index.php/Special_WhatLinksHere/Game_Entity_(MW2)]
[codresearch.dev/index.php/Special_RecentChangesLinked/Game_Entity_(MW2)]
[codresearch.dev/index.php/Game_Entity_(MW2).html]
[codresearch.dev/index.php/Special_WhatLinksHere/Level_Locals_(MW2)]
[codresearch.dev/index.php/Special_RecentChangesLinked/Level_Locals_(MW2)]
[codresearch.dev/index.php/Level_Locals_(MW2).html]
[codresearch.dev/index.php/Special_WhatLinksHere/Server_Commands]
[codresearch.dev/index.php/Special_RecentChangesLinked/Server_Commands]
[codresearch.dev/index.php/Server_Commands.html]
[codresearch.dev/index.php/Special_WhatLinksHere/Category_MW3.html]
[codresearch.dev/index.php/Special_RecentChangesLinked/Category_MW3.html]
[codresearch.dev/index.php/Special_WhatLinksHere/Category_Ghosts.html]
[codresearch.dev/index.php/Special_RecentChangesLinked/Category_Ghosts.html]
[codresearch.dev/index.php/Special_WhatLinksHere/DVARs_(Ghosts)]
[codresearch.dev/index.php/Special_RecentChangesLinked/DVARs_(Ghosts)]
[codresearch.dev/index.php/DVARs_(Ghosts).html]
[codresearch.dev/loadbb0f.css]
[codresearch.dev/load14df.css]
[codresearch.dev/load54c7.svg]
[codresearch.dev/load6bf5.svg]
[codresearch.dev/load8950.svg]
[codresearch.dev/load5009.svg]
[codresearch.dev/load7796.svg]
[codresearch.dev/load92aa.svg]
[codresearch.dev/loadebcd.svg]
[codresearch.dev/load1daa.svg]
[codresearch.dev/loadf3fc.svg]
[codresearch.dev/load428f.svg]
[codresearch.dev/load617b.svg]
[codresearch.dev/load3291.svg]
[codresearch.dev/load6d08.svg]
[codresearch.dev/load4424.svg]
[codresearch.dev/loadce8b.svg]
[codresearch.dev/load98c0.svg]
[codresearch.dev/loada132.svg]
[codresearch.dev/load22f6.svg]
[codresearch.dev/loadd3a4.svg]
[codresearch.dev/load493f.svg]
[codresearch.dev/load032c.svg]
[codresearch.dev/load8088.svg]
[codresearch.dev/loadddfc.svg]
[codresearch.dev/load9ed0.svg]
[codresearch.dev/load5b40.svg]
[codresearch.dev/load7fac.svg]
[codresearch.dev/load2f00.svg]
[codresearch.dev/loada819.svg]
[codresearch.dev/load4345.svg]
[codresearch.dev/loadde27.svg]
[codresearch.dev/load7cb2.svg]
[codresearch.dev/load5366.svg]
[codresearch.dev/load03f4.svg]
[codresearch.dev/load80f3.svg]
[codresearch.dev/loadcbea.svg]
[codresearch.dev/load73d6.svg]
[codresearch.dev/loadf176.svg]
[codresearch.dev/loadf693.svg]
[codresearch.dev/load9c5b.svg]
[codresearch.dev/loadb695.svg]
[codresearch.dev/loadf7eb.svg]
[codresearch.dev/load112f.svg]
[codresearch.dev/loadded6.svg]
[codresearch.dev/loada123.svg]
[codresearch.dev/load336f.svg]
[codresearch.dev/load0525.svg]
[codresearch.dev/load0215.svg]
[codresearch.dev/loadf058.svg]
[codresearch.dev/load6791.svg]
[codresearch.dev/loadd939.svg]
[codresearch.dev/loadb0ad.svg]
[codresearch.dev/load669c.svg]
[codresearch.dev/index.php/Special_WhatLinksHere/Vectors.html]
[codresearch.dev/index.php/Special_RecentChangesLinked/Vectors.html]
[codresearch.dev/index.php/Special_WhatLinksHere/FastFiles_and_Zone_files_(AW).html]
[codresearch.dev/index.php/Special_RecentChangesLinked/FastFiles_and_Zone_files_(AW).html]
[codresearch.dev/index.php/Special_WhatLinksHere/FastFiles_and_Zone_files_(BO1).html]
[codresearch.dev/index.php/Special_RecentChangesLinked/FastFiles_and_Zone_files_(BO1).html]
[codresearch.dev/index.php/Special_WhatLinksHere/FastFiles_and_Zone_files_(BO2).html]
[codresearch.dev/index.php/Special_RecentChangesLinked/FastFiles_and_Zone_files_(BO2).html]
[codresearch.dev/index.php/Special_WhatLinksHere/FastFiles_and_Zone_files_(MW2).html]
[codresearch.dev/index.php/Special_RecentChangesLinked/FastFiles_and_Zone_files_(MW2).html]
[codresearch.dev/index.php/Special_WhatLinksHere/IPAK_Files.html]
[codresearch.dev/index.php/Special_RecentChangesLinked/IPAK_Files.html]
[codresearch.dev/index.php/Special_WhatLinksHere/Modern_Warfare_PAK_Files.html]
[codresearch.dev/index.php/Special_RecentChangesLinked/Modern_Warfare_PAK_Files.html]
[codresearch.dev/index.php/Special_WhatLinksHere/SABS_&_SABL_Files.html]
[codresearch.dev/index.php/Special_RecentChangesLinked/SABS_&_SABL_Files.html]
[codresearch.dev/index.php/Special_WhatLinksHere/PhysPreset_Asset.html]
[codresearch.dev/index.php/Special_RecentChangesLinked/PhysPreset_Asset.html]
[codresearch.dev/index.php/Special_WhatLinksHere/XAnim_Asset.html]
[codresearch.dev/index.php/Special_RecentChangesLinked/XAnim_Asset.html]
[codresearch.dev/index.php/Special_WhatLinksHere/XModel_Asset_(CoD4).html]
[codresearch.dev/index.php/Special_RecentChangesLinked/XModel_Asset_(CoD4).html]
[codresearch.dev/index.php/Special_WhatLinksHere/Material_Asset.html]
[codresearch.dev/index.php/Special_RecentChangesLinked/Material_Asset.html]
[codresearch.dev/index.php/Special_WhatLinksHere/Pixel_Shader_Asset.html]
[codresearch.dev/index.php/Special_RecentChangesLinked/Pixel_Shader_Asset.html]
[codresearch.dev/index.php/Special_WhatLinksHere/Vertex_Shader_Asset.html]
[codresearch.dev/index.php/Special_RecentChangesLinked/Vertex_Shader_Asset.html]
[codresearch.dev/index.php/Special_WhatLinksHere/Technique_Set_Asset.html]
[codresearch.dev/index.php/Special_RecentChangesLinked/Technique_Set_Asset.html]
[codresearch.dev/index.php/Special_WhatLinksHere/Image_Asset.html]
[codresearch.dev/index.php/Special_RecentChangesLinked/Image_Asset.html]
[codresearch.dev/resources/src/mediawiki.htmlform.styles/images/question9728.svg]
[codresearch.dev/index.php/Special_WhatLinksHere/Sound_Asset.html]
[codresearch.dev/index.php/Special_RecentChangesLinked/Sound_Asset.html]
[codresearch.dev/index.php/Special_WhatLinksHere/Sound_Curve_Asset.html]
[codresearch.dev/index.php/Special_RecentChangesLinked/Sound_Curve_Asset.html]
[codresearch.dev/index.php/Special_WhatLinksHere/Loaded_Sound_Asset.html]
[codresearch.dev/index.php/Special_RecentChangesLinked/Loaded_Sound_Asset.html]
[codresearch.dev/index.php/Special_WhatLinksHere/Collision_Map_Asset_(CoD4).html]
[codresearch.dev/index.php/Special_RecentChangesLinked/Collision_Map_Asset_(CoD4).html]
[codresearch.dev/index.php/Special_WhatLinksHere/COM_Map_Asset.html]
[codresearch.dev/index.php/Special_RecentChangesLinked/COM_Map_Asset.html]
[codresearch.dev/index.php/Special_WhatLinksHere/Game_Map_Asset.html]
[codresearch.dev/index.php/Special_RecentChangesLinked/Game_Map_Asset.html]
[codresearch.dev/index.php/Special_WhatLinksHere/MapEnts_Asset.html]
[codresearch.dev/index.php/Special_RecentChangesLinked/MapEnts_Asset.html]
[codresearch.dev/index.php/Special_WhatLinksHere/Graphics_Map_Asset_(CoD4).html]
[codresearch.dev/index.php/Special_RecentChangesLinked/Graphics_Map_Asset_(CoD4).html]
[codresearch.dev/index.php/Special_WhatLinksHere/Lightdef_Asset.html]
[codresearch.dev/index.php/Special_RecentChangesLinked/Lightdef_Asset.html]
[codresearch.dev/index.php/Special_WhatLinksHere/Font_Asset.html]
[codresearch.dev/index.php/Special_RecentChangesLinked/Font_Asset.html]
[codresearch.dev/index.php/Special_WhatLinksHere/MenuFile_Asset.html]
[codresearch.dev/index.php/Special_RecentChangesLinked/MenuFile_Asset.html]
[codresearch.dev/index.php/Special_WhatLinksHere/Menu_Asset_(CoD4).html]
[codresearch.dev/index.php/Special_RecentChangesLinked/Menu_Asset_(CoD4).html]
[codresearch.dev/index.php/Special_WhatLinksHere/Localize_Asset.html]
[codresearch.dev/index.php/Special_RecentChangesLinked/Localize_Asset.html]
[codresearch.dev/index.php/Special_WhatLinksHere/Weapon_Asset_(CoD4).html]
[codresearch.dev/index.php/Special_RecentChangesLinked/Weapon_Asset_(CoD4).html]
[codresearch.dev/index.php/Special_WhatLinksHere/Sound_Driver_Globals_Asset.html]
[codresearch.dev/index.php/Special_RecentChangesLinked/Sound_Driver_Globals_Asset.html]
[codresearch.dev/index.php/Special_WhatLinksHere/FX_Asset_(CoD4).html]
[codresearch.dev/index.php/Special_RecentChangesLinked/FX_Asset_(CoD4).html]
[codresearch.dev/index.php/Special_WhatLinksHere/ImpactFX_Asset.html]
[codresearch.dev/index.php/Special_RecentChangesLinked/ImpactFX_Asset.html]
[codresearch.dev/index.php/Special_WhatLinksHere/Rawfile_Asset.html]
[codresearch.dev/index.php/Special_RecentChangesLinked/Rawfile_Asset.html]
[codresearch.dev/index.php/Special_WhatLinksHere/StringTable_Asset.html]
[codresearch.dev/index.php/Special_RecentChangesLinked/StringTable_Asset.html]
[codresearch.dev/index.php/Special_WhatLinksHere/PhysConstraints_Asset.html]
[codresearch.dev/index.php/Special_RecentChangesLinked/PhysConstraints_Asset.html]
[codresearch.dev/index.php/Special_WhatLinksHere/DestructibleDef_Asset.html]
[codresearch.dev/index.php/Special_RecentChangesLinked/DestructibleDef_Asset.html]
[codresearch.dev/index.php/Special_WhatLinksHere/Collision_Map_Asset_(WaW).html]
[codresearch.dev/index.php/Special_RecentChangesLinked/Collision_Map_Asset_(WaW).html]
[codresearch.dev/index.php/Special_WhatLinksHere/Graphics_Map_Asset_(WaW).html]
[codresearch.dev/index.php/Special_RecentChangesLinked/Graphics_Map_Asset_(WaW).html]
[codresearch.dev/index.php/Special_WhatLinksHere/Menu_Asset_(WaW).html]
[codresearch.dev/index.php/Special_RecentChangesLinked/Menu_Asset_(WaW).html]
[codresearch.dev/index.php/Special_WhatLinksHere/Weapon_Asset_(WaW).html]
[codresearch.dev/index.php/Special_RecentChangesLinked/Weapon_Asset_(WaW).html]
[codresearch.dev/index.php/Special_WhatLinksHere/FX_Asset_(WaW).html]
[codresearch.dev/index.php/Special_RecentChangesLinked/FX_Asset_(WaW).html]
[codresearch.dev/index.php/Special_WhatLinksHere/PackIndex_Asset.html]
[codresearch.dev/index.php/Special_RecentChangesLinked/PackIndex_Asset.html]
[codresearch.dev/index.php/Special_WhatLinksHere/Physical_Collision_Map_Asset.html]
[codresearch.dev/index.php/Special_RecentChangesLinked/Physical_Collision_Map_Asset.html]
[codresearch.dev/index.php/Special_WhatLinksHere/XModel_Surface_Asset.html]
[codresearch.dev/index.php/Special_RecentChangesLinked/XModel_Surface_Asset.html]
[codresearch.dev/index.php/Special_WhatLinksHere/Collision_Map_Asset_(MW2).html]
[codresearch.dev/index.php/Special_RecentChangesLinked/Collision_Map_Asset_(MW2).html]
[codresearch.dev/index.php/Special_WhatLinksHere/FX_Map_Asset.html]
[codresearch.dev/index.php/Special_RecentChangesLinked/FX_Map_Asset.html]
[codresearch.dev/index.php/Special_WhatLinksHere/Graphics_Map_Asset_(MW2).html]
[codresearch.dev/index.php/Special_RecentChangesLinked/Graphics_Map_Asset_(MW2).html]
[codresearch.dev/index.php/Special_WhatLinksHere/Menu_Asset_(MW2).html]
[codresearch.dev/index.php/Special_RecentChangesLinked/Menu_Asset_(MW2).html]
[codresearch.dev/index.php/Special_WhatLinksHere/Weapon_Asset_(MW2).html]
[codresearch.dev/index.php/Special_RecentChangesLinked/Weapon_Asset_(MW2).html]
[codresearch.dev/index.php/Special_WhatLinksHere/FX_Asset_(MW2).html]
[codresearch.dev/index.php/Special_RecentChangesLinked/FX_Asset_(MW2).html]
[codresearch.dev/index.php/Special_WhatLinksHere/LeaderboardDef_Asset.html]
[codresearch.dev/index.php/Special_RecentChangesLinked/LeaderboardDef_Asset.html]
[codresearch.dev/index.php/Special_WhatLinksHere/StructuredDataDef_Asset.html]
[codresearch.dev/index.php/Special_RecentChangesLinked/StructuredDataDef_Asset.html]
[codresearch.dev/index.php/Special_WhatLinksHere/Tracer_Asset.html]
[codresearch.dev/index.php/Special_RecentChangesLinked/Tracer_Asset.html]
[codresearch.dev/index.php/Special_WhatLinksHere/Vehicle_Asset_(MW2).html]
[codresearch.dev/index.php/Special_RecentChangesLinked/Vehicle_Asset_(MW2).html]
[codresearch.dev/index.php/Special_WhatLinksHere/AddonMapEnts_Asset.html]
[codresearch.dev/index.php/Special_RecentChangesLinked/AddonMapEnts_Asset.html]
[codresearch.dev/index.php/Special_WhatLinksHere/Collision_Map_Asset_(BO1).html]
[codresearch.dev/index.php/Special_RecentChangesLinked/Collision_Map_Asset_(BO1).html]
[codresearch.dev/index.php/Special_WhatLinksHere/Graphics_Map_Asset_(BO1).html]
[codresearch.dev/index.php/Special_RecentChangesLinked/Graphics_Map_Asset_(BO1).html]
[codresearch.dev/index.php/Special_WhatLinksHere/Menu_Asset_(BO1).html]
[codresearch.dev/index.php/Special_RecentChangesLinked/Menu_Asset_(BO1).html]
[codresearch.dev/index.php/Special_WhatLinksHere/Weapon_Asset_(BO1).html]
[codresearch.dev/index.php/Special_RecentChangesLinked/Weapon_Asset_(BO1).html]
[codresearch.dev/index.php/Special_WhatLinksHere/FX_Asset_(BO1).html]
[codresearch.dev/index.php/Special_RecentChangesLinked/FX_Asset_(BO1).html]
[codresearch.dev/index.php/Special_WhatLinksHere/XGlobals_Asset.html]
[codresearch.dev/index.php/Special_RecentChangesLinked/XGlobals_Asset.html]
[codresearch.dev/index.php/Special_WhatLinksHere/DDL_Asset.html]
[codresearch.dev/index.php/Special_RecentChangesLinked/DDL_Asset.html]
[codresearch.dev/index.php/Special_WhatLinksHere/Glasses_Asset.html]
[codresearch.dev/index.php/Special_RecentChangesLinked/Glasses_Asset.html]
[codresearch.dev/index.php/Special_WhatLinksHere/TextureSet_Asset.html]
[codresearch.dev/index.php/Special_RecentChangesLinked/TextureSet_Asset.html]
[codresearch.dev/index.php/Special_WhatLinksHere/Emblem_Set_Asset.html]
[codresearch.dev/index.php/Special_RecentChangesLinked/Emblem_Set_Asset.html]
[codresearch.dev/index.php/Special_WhatLinksHere/Collision_Map_Asset_(MW3).html]
[codresearch.dev/index.php/Special_RecentChangesLinked/Collision_Map_Asset_(MW3).html]
[codresearch.dev/index.php/Special_WhatLinksHere/Glass_Map_Asset.html]
[codresearch.dev/index.php/Special_RecentChangesLinked/Glass_Map_Asset.html]
[codresearch.dev/index.php/Special_WhatLinksHere/AIPaths_Asset.html]
[codresearch.dev/index.php/Special_RecentChangesLinked/AIPaths_Asset.html]
[codresearch.dev/index.php/Special_WhatLinksHere/Vehicle_Track_Asset.html]
[codresearch.dev/index.php/Special_RecentChangesLinked/Vehicle_Track_Asset.html]
[codresearch.dev/index.php/Special_WhatLinksHere/Graphics_Map_Asset_(MW3).html]
[codresearch.dev/index.php/Special_RecentChangesLinked/Graphics_Map_Asset_(MW3).html]
[codresearch.dev/index.php/Special_WhatLinksHere/Menu_Asset_(MW3).html]
[codresearch.dev/index.php/Special_RecentChangesLinked/Menu_Asset_(MW3).html]
[codresearch.dev/index.php/Special_WhatLinksHere/Attachment_Asset_(MW3).html]
[codresearch.dev/index.php/Special_RecentChangesLinked/Attachment_Asset_(MW3).html]
[codresearch.dev/index.php/Special_WhatLinksHere/Weapon_Asset_(MW3).html]
[codresearch.dev/index.php/Special_RecentChangesLinked/Weapon_Asset_(MW3).html]
[codresearch.dev/index.php/Special_WhatLinksHere/SurfaceFX_Asset.html]
[codresearch.dev/index.php/Special_RecentChangesLinked/SurfaceFX_Asset.html]
[codresearch.dev/loadc0f8.css]
[codresearch.dev/index.php/Special_WhatLinksHere/ScriptFile_Asset.html]
[codresearch.dev/index.php/Special_RecentChangesLinked/ScriptFile_Asset.html]
[codresearch.dev/index.php/Special_WhatLinksHere/Vehicle_Asset_(MW3).html]
[codresearch.dev/index.php/Special_RecentChangesLinked/Vehicle_Asset_(MW3).html]
[codresearch.dev/index.php/Special_WhatLinksHere/XModel_Asset_(BO2).html]
[codresearch.dev/index.php/Special_RecentChangesLinked/XModel_Asset_(BO2).html]
[codresearch.dev/index.php/Special_WhatLinksHere/Collision_Map_Asset_(BO2).html]
[codresearch.dev/index.php/Special_RecentChangesLinked/Collision_Map_Asset_(BO2).html]
[codresearch.dev/index.php/Special_WhatLinksHere/Graphics_Map_Asset_(BO2).html]
[codresearch.dev/index.php/Special_RecentChangesLinked/Graphics_Map_Asset_(BO2).html]
[codresearch.dev/index.php/Special_WhatLinksHere/FontIcon_Asset.html]
[codresearch.dev/index.php/Special_RecentChangesLinked/FontIcon_Asset.html]
[codresearch.dev/index.php/Special_WhatLinksHere/Menu_Asset_(BO2).html]
[codresearch.dev/index.php/Special_RecentChangesLinked/Menu_Asset_(BO2).html]
[codresearch.dev/index.php/Special_WhatLinksHere/Weapon_Asset_(BO2).html]
[codresearch.dev/index.php/Special_RecentChangesLinked/Weapon_Asset_(BO2).html]
[codresearch.dev/index.php/Special_WhatLinksHere/Attachment_Asset_(BO2).html]
[codresearch.dev/index.php/Special_RecentChangesLinked/Attachment_Asset_(BO2).html]
[codresearch.dev/index.php/Special_WhatLinksHere/AttachmentUnique_Asset.html]
[codresearch.dev/index.php/Special_RecentChangesLinked/AttachmentUnique_Asset.html]
[codresearch.dev/index.php/Special_WhatLinksHere/WeaponCamo_Asset.html]
[codresearch.dev/index.php/Special_RecentChangesLinked/WeaponCamo_Asset.html]
[codresearch.dev/index.php/Special_WhatLinksHere/FX_Asset_(BO2).html]
[codresearch.dev/index.php/Special_RecentChangesLinked/FX_Asset_(BO2).html]
[codresearch.dev/index.php/Special_WhatLinksHere/ScriptParseTree_Asset.html]
[codresearch.dev/index.php/Special_RecentChangesLinked/ScriptParseTree_Asset.html]
[codresearch.dev/index.php/Special_WhatLinksHere/Key-Value_Pair_Asset.html]
[codresearch.dev/index.php/Special_RecentChangesLinked/Key-Value_Pair_Asset.html]
[codresearch.dev/index.php/Special_WhatLinksHere/Vehicle_Asset_(BO2).html]
[codresearch.dev/index.php/Special_RecentChangesLinked/Vehicle_Asset_(BO2).html]
[codresearch.dev/index.php/Special_WhatLinksHere/MemoryBlock_Asset.html]
[codresearch.dev/index.php/Special_RecentChangesLinked/MemoryBlock_Asset.html]
[codresearch.dev/index.php/Special_WhatLinksHere/SkinnedVerts_Asset.html]
[codresearch.dev/index.php/Special_RecentChangesLinked/SkinnedVerts_Asset.html]
[codresearch.dev/index.php/Special_WhatLinksHere/QDB_Asset.html]
[codresearch.dev/index.php/Special_RecentChangesLinked/QDB_Asset.html]
[codresearch.dev/index.php/Special_WhatLinksHere/Slug_Asset.html]
[codresearch.dev/index.php/Special_RecentChangesLinked/Slug_Asset.html]
[codresearch.dev/index.php/Special_WhatLinksHere/FootstepTable_Asset.html]
[codresearch.dev/index.php/Special_RecentChangesLinked/FootstepTable_Asset.html]
[codresearch.dev/index.php/Special_WhatLinksHere/FootstepFxTable_Asset.html]
[codresearch.dev/index.php/Special_RecentChangesLinked/FootstepFxTable_Asset.html]
[codresearch.dev/index.php/Special_WhatLinksHere/ZBarrier_Asset.html]
[codresearch.dev/index.php/Special_RecentChangesLinked/ZBarrier_Asset.html]
[codresearch.dev/index.php/Special_WhatLinksHere/LPF_Curve_Asset.html]
[codresearch.dev/index.php/Special_RecentChangesLinked/LPF_Curve_Asset.html]
[codresearch.dev/index.php/Special_WhatLinksHere/Reverb_Send_Curve_Asset.html]
[codresearch.dev/index.php/Special_RecentChangesLinked/Reverb_Send_Curve_Asset.html]
[codresearch.dev/index.php/Special_WhatLinksHere/Collision_Map_Asset_(Ghosts).html]
[codresearch.dev/index.php/Special_RecentChangesLinked/Collision_Map_Asset_(Ghosts).html]
[codresearch.dev/index.php/Special_WhatLinksHere/Graphics_Map_Asset_(Ghosts).html]
[codresearch.dev/index.php/Special_RecentChangesLinked/Graphics_Map_Asset_(Ghosts).html]
[codresearch.dev/index.php/Special_WhatLinksHere/AnimClass_Asset.html]
[codresearch.dev/index.php/Special_RecentChangesLinked/AnimClass_Asset.html]
[codresearch.dev/index.php/Special_WhatLinksHere/Attachment_Asset_(Ghosts).html]
[codresearch.dev/index.php/Special_RecentChangesLinked/Attachment_Asset_(Ghosts).html]
[codresearch.dev/index.php/Special_WhatLinksHere/Weapon_Asset_(Ghosts).html]
[codresearch.dev/index.php/Special_RecentChangesLinked/Weapon_Asset_(Ghosts).html]
[codresearch.dev/index.php/Special_WhatLinksHere/Vehicle_Asset_(Ghosts).html]
[codresearch.dev/index.php/Special_RecentChangesLinked/Vehicle_Asset_(Ghosts).html]
[codresearch.dev/index.php/Special_WhatLinksHere/NetConstStrings_Asset.html]
[codresearch.dev/index.php/Special_RecentChangesLinked/NetConstStrings_Asset.html]
[codresearch.dev/index.php/Special_WhatLinksHere/ReverbPreset_Asset.html]
[codresearch.dev/index.php/Special_RecentChangesLinked/ReverbPreset_Asset.html]
[codresearch.dev/index.php/Special_WhatLinksHere/Scriptable_Asset.html]
[codresearch.dev/index.php/Special_RecentChangesLinked/Scriptable_Asset.html]
[codresearch.dev/index.php/Special_WhatLinksHere/EquipSndTable_Asset.html]
[codresearch.dev/index.php/Special_RecentChangesLinked/EquipSndTable_Asset.html]
[codresearch.dev/index.php/Special_WhatLinksHere/Attachment_Asset_(AW).html]
[codresearch.dev/index.php/Special_RecentChangesLinked/Attachment_Asset_(AW).html]
[codresearch.dev/index.php/Special_WhatLinksHere/Laser_Asset.html]
[codresearch.dev/index.php/Special_RecentChangesLinked/Laser_Asset.html]
[codresearch.dev/index.php/Special_WhatLinksHere/Collision_Map_Asset_(BO3).html]
[codresearch.dev/index.php/Special_RecentChangesLinked/Collision_Map_Asset_(BO3).html]
[codresearch.dev/index.php/Special_WhatLinksHere/Lua_Files.html]
[codresearch.dev/index.php/Special_RecentChangesLinked/Lua_Files.html]
[codresearch.dev/index.php/Special_WhatLinksHere/Sound_Patch_Asset.html]
[codresearch.dev/index.php/Special_RecentChangesLinked/Sound_Patch_Asset.html]
[codresearch.dev/index.php/Special_WhatLinksHere/Vehicle_Asset_(AW).html]
[codresearch.dev/index.php/Special_RecentChangesLinked/Vehicle_Asset_(AW).html]
[codresearch.dev/index.php/Special_WhatLinksHere/Weapon_Asset_(AW).html]
[codresearch.dev/index.php/Special_RecentChangesLinked/Weapon_Asset_(AW).html]
[codresearch.dev/index.php/Special_WhatLinksHere/Hud_Elements.html]
[codresearch.dev/index.php/Special_RecentChangesLinked/Hud_Elements.html]
[codresearch.dev/index.php/Special_WhatLinksHere/DVARs_(MW2).html]
[codresearch.dev/index.php/Special_RecentChangesLinked/DVARs_(MW2).html]
[codresearch.dev/index.php/Special_WhatLinksHere/Game_Entity_(MW2).html]
[codresearch.dev/index.php/Special_RecentChangesLinked/Game_Entity_(MW2).html]
[codresearch.dev/index.php/Special_WhatLinksHere/Level_Locals_(MW2).html]
[codresearch.dev/index.php/Special_RecentChangesLinked/Level_Locals_(MW2).html]
[codresearch.dev/index.php/Special_WhatLinksHere/Server_Commands.html]
[codresearch.dev/index.php/Special_RecentChangesLinked/Server_Commands.html]
[codresearch.dev/index.php/Special_WhatLinksHere/DVARs_(Ghosts).html]
[codresearch.dev/index.php/Special_RecentChangesLinked/DVARs_(Ghosts).html]
[codresearch.dev/resources/assets/poweredby_mediawiki_88x31.png]
[codresearch.dev/images/thumb/a/a5/Gamefonts_ps3.png/90px-Gamefonts_ps3.png]
[codresearch.dev/index.php/Special_RecentChanges.html]
[codresearch.dev/cdn-cgi/challenge-platform/h/b/scripts/jsd/e0c90b6a3ed1/maind41d.js]
[codresearch.dev/resources/src/mediawiki.helplink/images/helpNotice9c2c.svg]
[codresearch.dev/resources/src/mediawiki.skinning/images/magnify-clip-ltr0803.svg]
[codresearch.dev/resources/src/mediawiki.skinning/images/magnify-clip-rtld70b.svg]
[codresearch.dev/skins/Vector/resources/skins.vector.styles/images/bullet-icona4ae.svg]
[codresearch.dev/skins/Vector/resources/skins.vector.styles/images/link-external-small-ltr-progressiveb36b.svg]
[codresearch.dev/skins/Vector/resources/skins.vector.styles/images/arrow-down5501.svg]
[codresearch.dev/skins/Vector/resources/skins.vector.styles/images/arrow-down-progressive10ee.svg]
[codresearch.dev/skins/Vector/resources/skins.vector.styles/images/arrow-down-invert14b8.svg]
[codresearch.dev/load1bb6.css]
[codresearch.dev/load0af0.css]
[codresearch.dev/index9f60.html]
[codresearch.dev/indexb50b.html]
[codresearch.dev/index.php/Special_WhatLinksHere/File_Gamefonts_ps3.html]
[codresearch.dev/index.php/Special_RecentChangesLinked/File_Gamefonts_ps3.png]
[codresearch.dev/images/a/a5/Gamefonts_ps3.png]
[codresearch.dev/images/thumb/a/a5/Gamefonts_ps3.png/150px-Gamefonts_ps31194.png]
[codresearch.dev/images/thumb/a/a5/Gamefonts_ps3.png/150px-Gamefonts_ps3.png]
[codresearch.dev/images/thumb/a/a5/Gamefonts_ps3.png/30px-Gamefonts_ps31194.png]
[codresearch.dev/index.php/File_Gamefonts_ps3.html]
[codresearch.dev/index.php/Special_Contributions/Aerosoul94.html]
[codresearch.dev/index.php/Special_WhatLinksHere/MenuFile_Asset.html]
[codresearch.dev/resources/src/mediawiki.htmlform.styles/images/question9728.svg]
[codresearch.dev/load1bb6.css]
[codresearch.dev/load0af0.css]
[codresearch.dev/loadb932.css]
[codresearch.dev/index9f60.html]
[codresearch.dev/load9ac6.php]
[codresearch.dev/indexb50b.html]
[codresearch.dev/index.php/Special_WhatLinksHere/File_Gamefonts_ps3.html]
[codresearch.dev/index.php/Special_RecentChangesLinked/File_Gamefonts_ps3.html]
[codresearch.dev/load7d65.css]
[codresearch.dev/index.php/Special_Contributions/Aerosoul94.html]
[codresearch.dev/load5d1e.css]
[codresearch.dev/resources/src/mediawiki.special.userlogin.common.styles/images/icon-lock0559.png]
[codresearch.dev/loadb932.css]
[codresearch.dev/resources/src/mediawiki.special.userlogin.login.styles/images/glyph-people-largeae6f.png]
[codresearch.dev/load7d65.css]
[codresearch.dev/load5d1e.css]
